// Jest Snapshot v1, https://goo.gl/fbAQLP

exports[`Content renders correctly 1`] = `
<article
  className="content"
>
  <h1
    className="content__title"
  >
    test
  </h1>
  <h2
    className="content__subtitle"
  />
  <div
    className="content__date"
  >
    <p
      className="content-date"
    >
      <time>
        February 4, 2019
      </time>
    </p>
  </div>
  <div
    className="content__body"
    dangerouslySetInnerHTML={
      Object {
        "__html": "<p>test</p>",
      }
    }
  />
</article>
`;
