// Jest Snapshot v1, https://goo.gl/fbAQLP

exports[`PostTemplate renders correctly 1`] = `
<div>
  <div
    className="header"
  >
    <div
      className="header__left"
    >
      <StaticQuery
        render={[Function]}
      />
    </div>
    <div
      className="header__right"
    >
      <StaticQuery
        render={[Function]}
      />
    </div>
  </div>
  <StaticQuery
    render={[Function]}
  />
  <div
    className="container hidden"
  >
    <h4
      className="title"
    >
      At least this isn't a full screen popup
    </h4>
    <p
      className="description"
    >
      That would be more annoying. Anyways, consider subscribing to my newsletter to 
      <b>
        get new posts by email!
      </b>
       I write about ML, Web Dev, and more.
    </p>
    <div
      className="container  no-spacing"
    >
      <form
        acceptCharset="utf-8"
        action="https://sendy.victorzhou.com/subscribe"
        method="post"
        target="_blank"
      >
        <input
          name="Source"
          type="hidden"
          value="Popup:test"
        />
        <input
          name="list"
          type="hidden"
          value="CWC7638hEb6mfk1RqUbJ763snA"
        />
        <input
          autoCapitalize="off"
          autoCorrect="off"
          name="hp"
          style={
            Object {
              "display": "none",
            }
          }
          tabIndex="-1"
          type="text"
        />
        <input
          aria-label="Email Address"
          autoCapitalize="off"
          autoCorrect="off"
          name="email"
          onKeyDown={[Function]}
          placeholder="example@domain.com"
          size="25"
          style={
            Object {
              "marginTop": 0,
            }
          }
          type="email"
        />
        <br />
        <input
          type="submit"
          value="SUBMIT"
        />
      </form>
    </div>
    <button
      className="close"
      onClick={[Function]}
    >
      âœ•
    </button>
  </div>
  <div
    style={
      Object {
        "position": "absolute",
        "right": "calc(((100% - 700px) / 2 - 150px) / 2)",
        "top": "calc((100% - 217px) / 2)",
      }
    }
  >
    <div
      className="container-large"
    />
  </div>
</div>
`;
